

================================================================
== Vivado HLS Report for 'snake_output'
================================================================
* Date:           Wed Feb 12 16:31:23 2020

* Version:        2018.3 (Build 2405991 on Thu Dec 06 23:56:15 MST 2018)
* Project:        snake_output.prj
* Solution:       solution1
* Product family: zynq
* Target device:  xc7z020clg400-1


================================================================
== Performance Estimates
================================================================
+ Timing (ns): 
    * Summary: 
    +--------+-------+----------+------------+
    |  Clock | Target| Estimated| Uncertainty|
    +--------+-------+----------+------------+
    |ap_clk  |  10.00|     9.100|        1.25|
    +--------+-------+----------+------------+

+ Latency (clock cycles): 
    * Summary: 
    +----------+----------+----------+----------+---------+
    |       Latency       |       Interval      | Pipeline|
    |    min   |    max   |    min   |    max   |   Type  |
    +----------+----------+----------+----------+---------+
    |  17280071|  17280071|  17280071|  17280071|   none  |
    +----------+----------+----------+----------+---------+

    + Detail: 
        * Instance: 
        N/A

        * Loop: 
        +--------------------------------------+----------+----------+----------+-----------+-----------+----------+----------+
        |                                      |       Latency       | Iteration|  Initiation Interval  |   Trip   |          |
        |               Loop Name              |    min   |    max   |  Latency |  achieved |   target  |   Count  | Pipelined|
        +--------------------------------------+----------+----------+----------+-----------+-----------+----------+----------+
        |- L_frame_line_loop_frame_pixel_loop  |  17280069|  17280069|        71|          1|          1|  17280000|    yes   |
        +--------------------------------------+----------+----------+----------+-----------+-----------+----------+----------+



================================================================
== Utilization Estimates
================================================================
* Summary: 
+-----------------+---------+-------+--------+-------+
|       Name      | BRAM_18K| DSP48E|   FF   |  LUT  |
+-----------------+---------+-------+--------+-------+
|DSP              |        -|      3|       -|      -|
|Expression       |        -|      -|       0|   4437|
|FIFO             |        -|      -|       -|      -|
|Instance         |        2|     42|    6437|  10239|
|Memory           |        -|      -|       -|      -|
|Multiplexer      |        -|      -|       -|    297|
|Register         |        4|      -|    2160|    630|
+-----------------+---------+-------+--------+-------+
|Total            |        6|     45|    8597|  15603|
+-----------------+---------+-------+--------+-------+
|Available        |      280|    220|  106400|  53200|
+-----------------+---------+-------+--------+-------+
|Utilization (%)  |        2|     20|       8|     29|
+-----------------+---------+-------+--------+-------+

+ Detail: 
    * Instance: 
    +-------------------------------+-----------------------------+---------+-------+------+------+
    |            Instance           |            Module           | BRAM_18K| DSP48E|  FF  |  LUT |
    +-------------------------------+-----------------------------+---------+-------+------+------+
    |snake_output_AXILiteS_s_axi_U  |snake_output_AXILiteS_s_axi  |        2|      0|   116|   110|
    |snake_output_ddivdEe_U7        |snake_output_ddivdEe         |        0|      0|  3211|  3658|
    |snake_output_dmulcud_U4        |snake_output_dmulcud         |        0|     11|   317|   578|
    |snake_output_dmulcud_U5        |snake_output_dmulcud         |        0|     11|   317|   578|
    |snake_output_dmulcud_U6        |snake_output_dmulcud         |        0|     11|   317|   578|
    |snake_output_dsubbkb_U1        |snake_output_dsubbkb         |        0|      3|   445|  1149|
    |snake_output_dsubbkb_U2        |snake_output_dsubbkb         |        0|      3|   445|  1149|
    |snake_output_dsubbkb_U3        |snake_output_dsubbkb         |        0|      3|   445|  1149|
    |snake_output_sitoeOg_U8        |snake_output_sitoeOg         |        0|      0|   412|   645|
    |snake_output_sitofYi_U9        |snake_output_sitofYi         |        0|      0|   412|   645|
    +-------------------------------+-----------------------------+---------+-------+------+------+
    |Total                          |                             |        2|     42|  6437| 10239|
    +-------------------------------+-----------------------------+---------+-------+------+------+

    * DSP48: 
    +--------------------------+----------------------+-----------+
    |         Instance         |        Module        | Expression|
    +--------------------------+----------------------+-----------+
    |snake_output_mul_g8j_U10  |snake_output_mul_g8j  |  i0 * i1  |
    |snake_output_mul_g8j_U11  |snake_output_mul_g8j  |  i0 * i1  |
    |snake_output_mul_g8j_U12  |snake_output_mul_g8j  |  i0 * i1  |
    +--------------------------+----------------------+-----------+

    * Memory: 
    N/A

    * FIFO: 
    N/A

    * Expression: 
    +----------------------------------------+----------+-------+---+-----+------------+------------+
    |              Variable Name             | Operation| DSP48E| FF| LUT | Bitwidth P0| Bitwidth P1|
    +----------------------------------------+----------+-------+---+-----+------------+------------+
    |col_V_fu_569_p2                         |     +    |      0|  0|   14|           1|          10|
    |frame_V_fu_411_p2                       |     +    |      0|  0|   15|           6|           1|
    |indvar_flatten_next1_fu_405_p2          |     +    |      0|  0|   32|          25|           1|
    |indvar_flatten_op_fu_575_p2             |     +    |      0|  0|   27|           1|          20|
    |ret_V_2_fu_563_p2                       |     +    |      0|  0|   19|          14|          12|
    |ret_V_fu_393_p2                         |     +    |      0|  0|   15|           9|           9|
    |ret_V_mid1_fu_451_p2                    |     +    |      0|  0|   15|           9|           9|
    |row_V_fu_491_p2                         |     +    |      0|  0|   14|          10|           1|
    |sh_assign_3_fu_1039_p2                  |     +    |      0|  0|   12|          11|          12|
    |sh_assign_6_fu_1168_p2                  |     +    |      0|  0|   12|          11|          12|
    |sh_assign_9_fu_1297_p2                  |     +    |      0|  0|   12|          11|          12|
    |sh_assign_fu_720_p2                     |     +    |      0|  0|   12|          11|          12|
    |tmp_31_fu_671_p2                        |     +    |      0|  0|   14|          10|          10|
    |result_V_1_fu_806_p2                    |     -    |      0|  0|   39|           1|          32|
    |result_V_3_fu_1407_p2                   |     -    |      0|  0|   15|           1|           8|
    |result_V_4_fu_1419_p2                   |     -    |      0|  0|   39|           1|          32|
    |result_V_6_fu_1431_p2                   |     -    |      0|  0|   39|           1|          32|
    |tmp_i_i_i1_fu_1053_p2                   |     -    |      0|  0|   13|          10|          11|
    |tmp_i_i_i2_fu_1182_p2                   |     -    |      0|  0|   13|          10|          11|
    |tmp_i_i_i3_fu_1311_p2                   |     -    |      0|  0|   13|          10|          11|
    |tmp_i_i_i_fu_734_p2                     |     -    |      0|  0|   13|          10|          11|
    |ap_block_state71_io                     |    and   |      0|  0|    2|           1|           1|
    |ap_block_state72_io                     |    and   |      0|  0|    2|           1|           1|
    |ap_condition_449                        |    and   |      0|  0|    2|           1|           1|
    |m_axis_video_V_data_V_1_load_A          |    and   |      0|  0|    2|           1|           1|
    |m_axis_video_V_data_V_1_load_B          |    and   |      0|  0|    2|           1|           1|
    |m_axis_video_V_last_V_1_load_A          |    and   |      0|  0|    2|           1|           1|
    |m_axis_video_V_last_V_1_load_B          |    and   |      0|  0|    2|           1|           1|
    |m_axis_video_V_user_V_1_load_A          |    and   |      0|  0|    2|           1|           1|
    |m_axis_video_V_user_V_1_load_B          |    and   |      0|  0|    2|           1|           1|
    |tmp_1_mid_fu_477_p2                     |    and   |      0|  0|    2|           1|           1|
    |exitcond_flatten1_fu_399_p2             |   icmp   |      0|  0|   18|          25|          25|
    |exitcond_flatten_fu_417_p2              |   icmp   |      0|  0|   18|          20|          19|
    |m_axis_video_V_data_V_1_state_cmp_full  |   icmp   |      0|  0|    8|           2|           1|
    |m_axis_video_V_last_V_1_state_cmp_full  |   icmp   |      0|  0|    8|           2|           1|
    |m_axis_video_V_user_V_1_state_cmp_full  |   icmp   |      0|  0|    8|           2|           1|
    |sel_tmp10_fu_847_p2                     |   icmp   |      0|  0|   18|          32|           3|
    |sel_tmp2_fu_822_p2                      |   icmp   |      0|  0|   18|          32|           3|
    |sel_tmp4_fu_827_p2                      |   icmp   |      0|  0|   18|          32|           2|
    |sel_tmp5_fu_842_p2                      |   icmp   |      0|  0|   18|          32|           1|
    |sel_tmp6_fu_832_p2                      |   icmp   |      0|  0|   18|          32|           2|
    |sel_tmp8_fu_837_p2                      |   icmp   |      0|  0|   18|          32|           1|
    |sel_tmp_fu_817_p2                       |   icmp   |      0|  0|   18|          32|           3|
    |tmp_14_fu_1391_p2                       |   icmp   |      0|  0|   18|          32|           1|
    |tmp_3_fu_471_p2                         |   icmp   |      0|  0|   13|          10|           9|
    |tmp_6_fu_537_p2                         |   icmp   |      0|  0|   13|          10|           7|
    |tmp_9_fu_543_p2                         |   icmp   |      0|  0|   13|          10|          10|
    |tmp_last_V_fu_531_p2                    |   icmp   |      0|  0|   13|          10|           9|
    |tmp_user_V_fu_525_p2                    |   icmp   |      0|  0|   13|          10|           1|
    |r_V_2_fu_1083_p2                        |   lshr   |      0|  0|  162|          54|          54|
    |r_V_4_fu_1212_p2                        |   lshr   |      0|  0|  162|          54|          54|
    |r_V_6_fu_1341_p2                        |   lshr   |      0|  0|  162|          54|          54|
    |r_V_fu_764_p2                           |   lshr   |      0|  0|  162|          54|          54|
    |ap_block_pp0_stage0_11001               |    or    |      0|  0|    2|           1|           1|
    |ap_block_state73                        |    or    |      0|  0|    2|           1|           1|
    |or_cond_fu_549_p2                       |    or    |      0|  0|    2|           1|           1|
    |sel_tmp11_fu_852_p2                     |    or    |      0|  0|    2|           1|           1|
    |tmp_10_fu_880_p2                        |    or    |      0|  0|    2|           1|           1|
    |tmp_17_fu_905_p2                        |    or    |      0|  0|    2|           1|           1|
    |tmp_18_fu_923_p2                        |    or    |      0|  0|    2|           1|           1|
    |tmp_19_fu_947_p2                        |    or    |      0|  0|    2|           1|           1|
    |tmp_20_fu_965_p2                        |    or    |      0|  0|    2|           1|           1|
    |tmp_2_fu_519_p2                         |    or    |      0|  0|   10|          10|          10|
    |tmp_fu_497_p2                           |    or    |      0|  0|    2|           1|           1|
    |G_cast_cast_fu_1397_p3                  |  select  |      0|  0|    8|           1|           8|
    |b_3_fu_969_p3                           |  select  |      0|  0|   64|           1|           1|
    |g_3_fu_935_p3                           |  select  |      0|  0|   64|           1|          64|
    |indvar_flatten_next_fu_581_p3           |  select  |      0|  0|   20|           1|           1|
    |p_Val2_18_fu_798_p3                     |  select  |      0|  0|   32|           1|          32|
    |p_Val2_19_fu_811_p3                     |  select  |      0|  0|   32|           1|          32|
    |p_Val2_20_fu_1246_p3                    |  select  |      0|  0|   32|           1|          32|
    |p_Val2_21_fu_1424_p3                    |  select  |      0|  0|   32|           1|          32|
    |p_Val2_22_fu_1375_p3                    |  select  |      0|  0|   32|           1|          32|
    |p_Val2_23_fu_1436_p3                    |  select  |      0|  0|   32|           1|          32|
    |r_3_fu_898_p3                           |  select  |      0|  0|   64|           1|          62|
    |sel_tmp12_fu_909_p3                     |  select  |      0|  0|   64|           1|           1|
    |sel_tmp13_fu_917_p3                     |  select  |      0|  0|   64|           1|          64|
    |sel_tmp14_fu_927_p3                     |  select  |      0|  0|   64|           1|          62|
    |sel_tmp15_fu_941_p3                     |  select  |      0|  0|   64|           1|          64|
    |sel_tmp16_fu_951_p3                     |  select  |      0|  0|   64|           1|          62|
    |sel_tmp17_fu_959_p3                     |  select  |      0|  0|   64|           1|          64|
    |sel_tmp1_fu_867_p3                      |  select  |      0|  0|   64|           1|          62|
    |sel_tmp3_fu_874_p3                      |  select  |      0|  0|   64|           1|          64|
    |sel_tmp7_fu_884_p3                      |  select  |      0|  0|   64|           1|           1|
    |sel_tmp9_fu_892_p3                      |  select  |      0|  0|   64|           1|          64|
    |t_V_1_mid2_fu_511_p3                    |  select  |      0|  0|   10|           1|          10|
    |t_V_1_mid_fu_423_p3                     |  select  |      0|  0|   10|           1|           1|
    |t_V_2_mid2_fu_503_p3                    |  select  |      0|  0|   10|           1|           1|
    |t_V_mid2_fu_483_p3                      |  select  |      0|  0|    6|           1|           6|
    |tmp_11_fu_646_p3                        |  select  |      0|  0|    6|           1|           1|
    |tmp_12_fu_653_p3                        |  select  |      0|  0|    6|           1|           6|
    |tmp_23_fu_1412_p3                       |  select  |      0|  0|    8|           1|           8|
    |tmp_24_fu_1117_p3                       |  select  |      0|  0|    8|           1|           8|
    |ush_1_fu_1063_p3                        |  select  |      0|  0|   12|           1|          12|
    |ush_2_fu_1192_p3                        |  select  |      0|  0|   12|           1|          12|
    |ush_3_fu_1321_p3                        |  select  |      0|  0|   12|           1|          12|
    |ush_fu_744_p3                           |  select  |      0|  0|   12|           1|          12|
    |x_assign_mid2_v_v_v_fu_457_p3           |  select  |      0|  0|    9|           1|           9|
    |r_V_1_fu_770_p2                         |    shl   |      0|  0|  474|         137|         137|
    |r_V_3_fu_1089_p2                        |    shl   |      0|  0|  474|         137|         137|
    |r_V_5_fu_1218_p2                        |    shl   |      0|  0|  474|         137|         137|
    |r_V_7_fu_1347_p2                        |    shl   |      0|  0|  474|         137|         137|
    |ap_enable_pp0                           |    xor   |      0|  0|    2|           1|           2|
    |not_exitcond_flatten_fu_465_p2          |    xor   |      0|  0|    2|           1|           2|
    +----------------------------------------+----------+-------+---+-----+------------+------------+
    |Total                                   |          |      0|  0| 4437|        1360|        2100|
    +----------------------------------------+----------+-------+---+-----+------------+------------+

    * Multiplexer: 
    +----------------------------------+----+-----------+-----+-----------+
    |               Name               | LUT| Input Size| Bits| Total Bits|
    +----------------------------------+----+-----------+-----+-----------+
    |ap_NS_fsm                         |  21|          4|    1|          4|
    |ap_enable_reg_pp0_iter2           |   9|          2|    1|          2|
    |ap_enable_reg_pp0_iter70          |   9|          2|    1|          2|
    |ap_phi_mux_B_2_phi_fu_324_p6      |  21|          4|   32|        128|
    |ap_phi_mux_G_2_phi_fu_312_p6      |  21|          4|   32|        128|
    |ap_phi_mux_pixel_R_phi_fu_299_p6  |  21|          4|    8|         32|
    |ap_phi_mux_t_V_1_phi_fu_277_p4    |   9|          2|   10|         20|
    |indvar_flatten1_reg_240           |   9|          2|   25|         50|
    |indvar_flatten_reg_262            |   9|          2|   20|         40|
    |m_axis_video_TDATA_blk_n          |   9|          2|    1|          2|
    |m_axis_video_V_data_V_1_data_out  |   9|          2|   24|         48|
    |m_axis_video_V_data_V_1_state     |  15|          3|    2|          6|
    |m_axis_video_V_dest_V_1_state     |  15|          3|    2|          6|
    |m_axis_video_V_id_V_1_state       |  15|          3|    2|          6|
    |m_axis_video_V_keep_V_1_state     |  15|          3|    2|          6|
    |m_axis_video_V_last_V_1_data_out  |   9|          2|    1|          2|
    |m_axis_video_V_last_V_1_state     |  15|          3|    2|          6|
    |m_axis_video_V_strb_V_1_state     |  15|          3|    2|          6|
    |m_axis_video_V_user_V_1_data_out  |   9|          2|    1|          2|
    |m_axis_video_V_user_V_1_state     |  15|          3|    2|          6|
    |t_V_1_reg_273                     |   9|          2|   10|         20|
    |t_V_2_reg_285                     |   9|          2|   10|         20|
    |t_V_reg_251                       |   9|          2|    6|         12|
    +----------------------------------+----+-----------+-----+-----------+
    |Total                             | 297|         61|  197|        554|
    +----------------------------------+----+-----------+-----+-----------+

    * Register: 
    +-----------------------------------------+----+----+-----+-----------+
    |                   Name                  | FF | LUT| Bits| Const Bits|
    +-----------------------------------------+----+----+-----+-----------+
    |ap_CS_fsm                                |   3|   0|    3|          0|
    |ap_enable_reg_pp0_iter0                  |   1|   0|    1|          0|
    |ap_enable_reg_pp0_iter1                  |   1|   0|    1|          0|
    |ap_enable_reg_pp0_iter10                 |   1|   0|    1|          0|
    |ap_enable_reg_pp0_iter11                 |   1|   0|    1|          0|
    |ap_enable_reg_pp0_iter12                 |   1|   0|    1|          0|
    |ap_enable_reg_pp0_iter13                 |   1|   0|    1|          0|
    |ap_enable_reg_pp0_iter14                 |   1|   0|    1|          0|
    |ap_enable_reg_pp0_iter15                 |   1|   0|    1|          0|
    |ap_enable_reg_pp0_iter16                 |   1|   0|    1|          0|
    |ap_enable_reg_pp0_iter17                 |   1|   0|    1|          0|
    |ap_enable_reg_pp0_iter18                 |   1|   0|    1|          0|
    |ap_enable_reg_pp0_iter19                 |   1|   0|    1|          0|
    |ap_enable_reg_pp0_iter2                  |   1|   0|    1|          0|
    |ap_enable_reg_pp0_iter20                 |   1|   0|    1|          0|
    |ap_enable_reg_pp0_iter21                 |   1|   0|    1|          0|
    |ap_enable_reg_pp0_iter22                 |   1|   0|    1|          0|
    |ap_enable_reg_pp0_iter23                 |   1|   0|    1|          0|
    |ap_enable_reg_pp0_iter24                 |   1|   0|    1|          0|
    |ap_enable_reg_pp0_iter25                 |   1|   0|    1|          0|
    |ap_enable_reg_pp0_iter26                 |   1|   0|    1|          0|
    |ap_enable_reg_pp0_iter27                 |   1|   0|    1|          0|
    |ap_enable_reg_pp0_iter28                 |   1|   0|    1|          0|
    |ap_enable_reg_pp0_iter29                 |   1|   0|    1|          0|
    |ap_enable_reg_pp0_iter3                  |   1|   0|    1|          0|
    |ap_enable_reg_pp0_iter30                 |   1|   0|    1|          0|
    |ap_enable_reg_pp0_iter31                 |   1|   0|    1|          0|
    |ap_enable_reg_pp0_iter32                 |   1|   0|    1|          0|
    |ap_enable_reg_pp0_iter33                 |   1|   0|    1|          0|
    |ap_enable_reg_pp0_iter34                 |   1|   0|    1|          0|
    |ap_enable_reg_pp0_iter35                 |   1|   0|    1|          0|
    |ap_enable_reg_pp0_iter36                 |   1|   0|    1|          0|
    |ap_enable_reg_pp0_iter37                 |   1|   0|    1|          0|
    |ap_enable_reg_pp0_iter38                 |   1|   0|    1|          0|
    |ap_enable_reg_pp0_iter39                 |   1|   0|    1|          0|
    |ap_enable_reg_pp0_iter4                  |   1|   0|    1|          0|
    |ap_enable_reg_pp0_iter40                 |   1|   0|    1|          0|
    |ap_enable_reg_pp0_iter41                 |   1|   0|    1|          0|
    |ap_enable_reg_pp0_iter42                 |   1|   0|    1|          0|
    |ap_enable_reg_pp0_iter43                 |   1|   0|    1|          0|
    |ap_enable_reg_pp0_iter44                 |   1|   0|    1|          0|
    |ap_enable_reg_pp0_iter45                 |   1|   0|    1|          0|
    |ap_enable_reg_pp0_iter46                 |   1|   0|    1|          0|
    |ap_enable_reg_pp0_iter47                 |   1|   0|    1|          0|
    |ap_enable_reg_pp0_iter48                 |   1|   0|    1|          0|
    |ap_enable_reg_pp0_iter49                 |   1|   0|    1|          0|
    |ap_enable_reg_pp0_iter5                  |   1|   0|    1|          0|
    |ap_enable_reg_pp0_iter50                 |   1|   0|    1|          0|
    |ap_enable_reg_pp0_iter51                 |   1|   0|    1|          0|
    |ap_enable_reg_pp0_iter52                 |   1|   0|    1|          0|
    |ap_enable_reg_pp0_iter53                 |   1|   0|    1|          0|
    |ap_enable_reg_pp0_iter54                 |   1|   0|    1|          0|
    |ap_enable_reg_pp0_iter55                 |   1|   0|    1|          0|
    |ap_enable_reg_pp0_iter56                 |   1|   0|    1|          0|
    |ap_enable_reg_pp0_iter57                 |   1|   0|    1|          0|
    |ap_enable_reg_pp0_iter58                 |   1|   0|    1|          0|
    |ap_enable_reg_pp0_iter59                 |   1|   0|    1|          0|
    |ap_enable_reg_pp0_iter6                  |   1|   0|    1|          0|
    |ap_enable_reg_pp0_iter60                 |   1|   0|    1|          0|
    |ap_enable_reg_pp0_iter61                 |   1|   0|    1|          0|
    |ap_enable_reg_pp0_iter62                 |   1|   0|    1|          0|
    |ap_enable_reg_pp0_iter63                 |   1|   0|    1|          0|
    |ap_enable_reg_pp0_iter64                 |   1|   0|    1|          0|
    |ap_enable_reg_pp0_iter65                 |   1|   0|    1|          0|
    |ap_enable_reg_pp0_iter66                 |   1|   0|    1|          0|
    |ap_enable_reg_pp0_iter67                 |   1|   0|    1|          0|
    |ap_enable_reg_pp0_iter68                 |   1|   0|    1|          0|
    |ap_enable_reg_pp0_iter69                 |   1|   0|    1|          0|
    |ap_enable_reg_pp0_iter7                  |   1|   0|    1|          0|
    |ap_enable_reg_pp0_iter70                 |   1|   0|    1|          0|
    |ap_enable_reg_pp0_iter8                  |   1|   0|    1|          0|
    |ap_enable_reg_pp0_iter9                  |   1|   0|    1|          0|
    |b_2_fu_186                               |  64|   0|   64|          0|
    |b_3_reg_1703                             |  64|   0|   64|          0|
    |exitcond_flatten1_reg_1499               |   1|   0|    1|          0|
    |exitcond_flatten_reg_1508                |   1|   0|    1|          0|
    |exitcond_flatten_reg_1508_pp0_iter1_reg  |   1|   0|    1|          0|
    |f_reg_1673                               |  64|   0|   64|          0|
    |g_2_fu_190                               |  64|   0|   64|          0|
    |g_3_reg_1698                             |  64|   0|   64|          0|
    |indvar_flatten1_reg_240                  |  25|   0|   25|          0|
    |indvar_flatten_reg_262                   |  20|   0|   20|          0|
    |m_axis_video_V_data_V_1_payload_A        |  24|   0|   24|          0|
    |m_axis_video_V_data_V_1_payload_B        |  24|   0|   24|          0|
    |m_axis_video_V_data_V_1_sel_rd           |   1|   0|    1|          0|
    |m_axis_video_V_data_V_1_sel_wr           |   1|   0|    1|          0|
    |m_axis_video_V_data_V_1_state            |   2|   0|    2|          0|
    |m_axis_video_V_dest_V_1_sel_rd           |   1|   0|    1|          0|
    |m_axis_video_V_dest_V_1_state            |   2|   0|    2|          0|
    |m_axis_video_V_id_V_1_sel_rd             |   1|   0|    1|          0|
    |m_axis_video_V_id_V_1_state              |   2|   0|    2|          0|
    |m_axis_video_V_keep_V_1_sel_rd           |   1|   0|    1|          0|
    |m_axis_video_V_keep_V_1_state            |   2|   0|    2|          0|
    |m_axis_video_V_last_V_1_payload_A        |   1|   0|    1|          0|
    |m_axis_video_V_last_V_1_payload_B        |   1|   0|    1|          0|
    |m_axis_video_V_last_V_1_sel_rd           |   1|   0|    1|          0|
    |m_axis_video_V_last_V_1_sel_wr           |   1|   0|    1|          0|
    |m_axis_video_V_last_V_1_state            |   2|   0|    2|          0|
    |m_axis_video_V_strb_V_1_sel_rd           |   1|   0|    1|          0|
    |m_axis_video_V_strb_V_1_state            |   2|   0|    2|          0|
    |m_axis_video_V_user_V_1_payload_A        |   1|   0|    1|          0|
    |m_axis_video_V_user_V_1_payload_B        |   1|   0|    1|          0|
    |m_axis_video_V_user_V_1_sel_rd           |   1|   0|    1|          0|
    |m_axis_video_V_user_V_1_sel_wr           |   1|   0|    1|          0|
    |m_axis_video_V_user_V_1_state            |   2|   0|    2|          0|
    |mul2_reg_1577                            |  30|   0|   30|          0|
    |mul_reg_1567                             |  30|   0|   30|          0|
    |or_cond_reg_1548                         |   1|   0|    1|          0|
    |p_Result_1_reg_1739                      |   1|   0|    1|          0|
    |p_Result_2_reg_1750                      |   1|   0|    1|          0|
    |p_Result_s_reg_1728                      |   1|   0|    1|          0|
    |p_Val2_18_reg_1608                       |  32|   0|   32|          0|
    |p_Val2_19_reg_1614                       |  32|   0|   32|          0|
    |p_Val2_20_reg_1744                       |  32|   0|   32|          0|
    |p_Val2_22_reg_1755                       |  32|   0|   32|          0|
    |q_reg_1678                               |  64|   0|   64|          0|
    |r_2_fu_194                               |  64|   0|   64|          0|
    |r_3_reg_1693                             |  64|   0|   64|          0|
    |ret_V_2_reg_1552                         |  10|   0|   14|          4|
    |row_V_reg_1528                           |  10|   0|   10|          0|
    |sel_tmp11_reg_1661                       |   1|   0|    1|          0|
    |sel_tmp2_reg_1633                        |   1|   0|    1|          0|
    |sel_tmp4_reg_1640                        |   1|   0|    1|          0|
    |sel_tmp6_reg_1647                        |   1|   0|    1|          0|
    |sel_tmp8_reg_1654                        |   1|   0|    1|          0|
    |sel_tmp_reg_1626                         |   1|   0|    1|          0|
    |t_V_1_mid2_reg_1533                      |  10|   0|   10|          0|
    |t_V_1_reg_273                            |  10|   0|   10|          0|
    |t_V_2_reg_285                            |  10|   0|   10|          0|
    |t_V_reg_251                              |   6|   0|    6|          0|
    |t_reg_1686                               |  64|   0|   64|          0|
    |tmp_1_mid_reg_1518                       |   1|   0|    1|          0|
    |tmp_1_mid_reg_1518_pp0_iter1_reg         |   1|   0|    1|          0|
    |tmp_1_reg_1603                           |   1|   0|    1|          0|
    |tmp_24_reg_1733                          |   8|   0|    8|          0|
    |tmp_31_reg_1587                          |  10|   0|   10|          0|
    |tmp_34_reg_1582                          |   6|   0|    6|          0|
    |tmp_last_V_reg_1543                      |   1|   0|    1|          0|
    |tmp_s_reg_1668                           |  64|   0|   64|          0|
    |tmp_user_V_reg_1538                      |   1|   0|    1|          0|
    |x_assign_1_reg_1708                      |  64|   0|   64|          0|
    |x_assign_2_reg_1713                      |  64|   0|   64|          0|
    |x_assign_3_reg_1718                      |  64|   0|   64|          0|
    |x_assign_mid2_reg_1597                   |  64|   0|   64|          0|
    |x_assign_mid2_v_reg_1592                 |  64|   0|   64|          0|
    |x_assign_mid2_v_v_v_reg_1513             |   8|   0|    9|          1|
    |exitcond_flatten1_reg_1499               |  64|  91|    1|          0|
    |or_cond_reg_1548                         |  64|  91|    1|          0|
    |q_reg_1678                               |   3|   1|   64|          0|
    |sel_tmp11_reg_1661                       |  64|  32|    1|          0|
    |sel_tmp2_reg_1633                        |  64|  32|    1|          0|
    |sel_tmp4_reg_1640                        |  64|  32|    1|          0|
    |sel_tmp6_reg_1647                        |  64|  32|    1|          0|
    |sel_tmp8_reg_1654                        |  64|  32|    1|          0|
    |sel_tmp_reg_1626                         |  64|  32|    1|          0|
    |tmp_31_reg_1587                          |  64|  71|   10|          0|
    |tmp_last_V_reg_1543                      |  64|  91|    1|          0|
    |tmp_user_V_reg_1538                      |  64|  91|    1|          0|
    |x_assign_mid2_reg_1597                   |   4|   2|   64|          0|
    +-----------------------------------------+----+----+-----+-----------+
    |Total                                    |2160| 630| 1602|          5|
    +-----------------------------------------+----+----+-----+-----------+



================================================================
== Interface
================================================================
* Summary: 
+------------------------+-----+-----+------------+-----------------------+--------------+
|        RTL Ports       | Dir | Bits|  Protocol  |     Source Object     |    C Type    |
+------------------------+-----+-----+------------+-----------------------+--------------+
|s_axi_AXILiteS_AWVALID  |  in |    1|    s_axi   |        AXILiteS       |     array    |
|s_axi_AXILiteS_AWREADY  | out |    1|    s_axi   |        AXILiteS       |     array    |
|s_axi_AXILiteS_AWADDR   |  in |   11|    s_axi   |        AXILiteS       |     array    |
|s_axi_AXILiteS_WVALID   |  in |    1|    s_axi   |        AXILiteS       |     array    |
|s_axi_AXILiteS_WREADY   | out |    1|    s_axi   |        AXILiteS       |     array    |
|s_axi_AXILiteS_WDATA    |  in |   32|    s_axi   |        AXILiteS       |     array    |
|s_axi_AXILiteS_WSTRB    |  in |    4|    s_axi   |        AXILiteS       |     array    |
|s_axi_AXILiteS_ARVALID  |  in |    1|    s_axi   |        AXILiteS       |     array    |
|s_axi_AXILiteS_ARREADY  | out |    1|    s_axi   |        AXILiteS       |     array    |
|s_axi_AXILiteS_ARADDR   |  in |   11|    s_axi   |        AXILiteS       |     array    |
|s_axi_AXILiteS_RVALID   | out |    1|    s_axi   |        AXILiteS       |     array    |
|s_axi_AXILiteS_RREADY   |  in |    1|    s_axi   |        AXILiteS       |     array    |
|s_axi_AXILiteS_RDATA    | out |   32|    s_axi   |        AXILiteS       |     array    |
|s_axi_AXILiteS_RRESP    | out |    2|    s_axi   |        AXILiteS       |     array    |
|s_axi_AXILiteS_BVALID   | out |    1|    s_axi   |        AXILiteS       |     array    |
|s_axi_AXILiteS_BREADY   |  in |    1|    s_axi   |        AXILiteS       |     array    |
|s_axi_AXILiteS_BRESP    | out |    2|    s_axi   |        AXILiteS       |     array    |
|ap_clk                  |  in |    1| ap_ctrl_hs |      snake_output     | return value |
|ap_rst_n                |  in |    1| ap_ctrl_hs |      snake_output     | return value |
|interrupt               | out |    1| ap_ctrl_hs |      snake_output     | return value |
|m_axis_video_TDATA      | out |   24|    axis    | m_axis_video_V_data_V |    pointer   |
|m_axis_video_TREADY     |  in |    1|    axis    | m_axis_video_V_data_V |    pointer   |
|m_axis_video_TVALID     | out |    1|    axis    | m_axis_video_V_dest_V |    pointer   |
|m_axis_video_TDEST      | out |    1|    axis    | m_axis_video_V_dest_V |    pointer   |
|m_axis_video_TKEEP      | out |    3|    axis    | m_axis_video_V_keep_V |    pointer   |
|m_axis_video_TSTRB      | out |    3|    axis    | m_axis_video_V_strb_V |    pointer   |
|m_axis_video_TUSER      | out |    1|    axis    | m_axis_video_V_user_V |    pointer   |
|m_axis_video_TLAST      | out |    1|    axis    | m_axis_video_V_last_V |    pointer   |
|m_axis_video_TID        | out |    1|    axis    |  m_axis_video_V_id_V  |    pointer   |
+------------------------+-----+-----+------------+-----------------------+--------------+

